---
source: crates/tinymist-query/src/completion.rs
description: Completion on a (50..51)
expression: "JsonRepr::new_pure(results)"
input_file: crates/tinymist-query/src/fixtures/completion/item_shadow3.typ
---
[
 {
  "isIncomplete": false,
  "items": [
   {
    "command": {
     "command": "tinymist.triggerSuggestAndParameterHints",
     "title": ""
    },
    "kind": 3,
    "label": "baka",
    "labelDetails": {
     "description": "(any) => any"
    },
    "sortText": "011",
    "textEdit": {
     "newText": "baka(${1:})",
     "range": {
      "end": {
       "character": 9,
       "line": 3
      },
      "start": {
       "character": 7,
       "line": 3
      }
     }
    }
   }
  ]
 }
]
