---
source: crates/tinymist-query/src/semantic_tokens_full.rs
expression: "serde_json::to_string(&result).unwrap()"
input_file: crates/tinymist-query/src/fixtures/semantic_tokens/user_shadow2.typ
---
{"data":[0,0,1,2,0,0,1,6,2,0,0,6,1,22,0,0,1,10,1,0,0,10,1,10,0,0,1,1,22,0,0,1,1,3,0,0,1,1,22,0,1,0,1,22,0,1,0,1,2,0,0,1,4,2,0,0,4,1,10,0,0,1,1,22,0,0,1,2,20,0,0,2,17,0,0,0,17,1,22,0]}
