---
source: crates/tinymist-query/src/analysis.rs
expression: cf.repr(false)
input_file: crates/tinymist-query/src/fixtures/control_flow_of/loop_continue.typ
---
document reg0 {
  reg0 {
    ^bb0: {
      %0 = ins int
      %1 = ins int
      %2 = ins int
      %3 = array(, %0, %1, %2)
      %4 = iter %3
      %10: any = loop cond %4 body ^2 cont ^1
    }
    ^bb1: {
      %8 = continue ^2
    }
    ^bb2: {
      %9: any = block ^3
    }
    ^bb3: {
      %5 = undef value
      %6 = array(, %5)
      %7 = branch ^1
    }
  }
}
