---
source: crates/tinymist-analysis/src/ty/scheme.rs
expression: result
input_file: crates/tinymist-analysis/src/fixtures/type_schema/generic.typ
---
"T" = @T
"U" = @U
"map" = (Array<@T>, (@T) => @U) => Array<@U>
