---
source: crates/tinymist-analysis/src/ty/scheme.rs
expression: result
input_file: crates/tinymist-analysis/src/fixtures/type_schema/array.typ
---
"mat2x2" = ((Type(float), Type(float), ), (Type(float), Type(float), ), )
"point" = (Type(float), Type(float), )
"tensor" = Array<Type(float)>
