---
source: crates/tinymist-analysis/src/ty/scheme.rs
expression: result
input_file: crates/tinymist-analysis/src/fixtures/type_schema/rec.typ
---
"V" = @V
"dict-type" = ("V": @V) => Any
