---
source: crates/tinymist-analysis/src/ty/scheme.rs
expression: result
input_file: crates/tinymist-analysis/src/fixtures/type_schema/base.typ
---
"pi" = Type(float)
